Resolving dependencies...
Downloading packages...
  _fe_analyzer_shared 67.0.0 (94.0.0 available)
  analyzer 6.4.1 (10.0.2 available)
  app_links 6.4.1 (7.0.0 available)
  build 2.4.1 (4.0.4 available)
  build_config 1.1.2 (1.2.0 available)
  build_resolvers 2.4.2 (3.0.4 available)
  build_runner 2.4.13 (2.11.1 available)
  build_runner_core 7.3.2 (9.3.2 available)
  built_value 8.12.0 (8.12.3 available)
  characters 1.4.0 (1.4.1 available)
  code_builder 4.11.0 (4.11.1 available)
  connectivity_plus 6.1.5 (7.0.0 available)
  cross_file 0.3.4+2 (0.3.5+2 available)
  crypto 3.0.6 (3.0.7 available)
  dart_style 2.3.6 (3.1.5 available)
  dbus 0.7.11 (0.7.12 available)
  equatable 2.0.7 (2.0.8 available)
  ffi 2.1.4 (2.2.0 available)
  file_selector_linux 0.9.3+2 (0.9.4 available)
  file_selector_macos 0.9.4+5 (0.9.5 available)
  file_selector_platform_interface 2.6.2 (2.7.0 available)
  file_selector_windows 0.9.3+4 (0.9.3+5 available)
  flutter_launcher_icons 0.13.1 (0.14.4 available)
  flutter_lints 5.0.0 (6.0.0 available)
  flutter_local_notifications 19.5.0 (20.0.0 available)
  flutter_local_notifications_linux 6.0.0 (7.0.0 available)
  flutter_local_notifications_platform_interface 9.1.0 (10.0.0 available)
  flutter_local_notifications_windows 1.0.3 (2.0.1 available)
  flutter_plugin_android_lifecycle 2.0.32 (2.0.33 available)
  flutter_secure_storage 9.2.4 (10.0.0 available)
  flutter_secure_storage_linux 1.2.3 (3.0.0 available)
  flutter_secure_storage_macos 3.1.3 (4.0.0 available)
  flutter_secure_storage_platform_interface 1.1.2 (2.0.1 available)
  flutter_secure_storage_web 1.2.1 (2.1.0 available)
  flutter_secure_storage_windows 3.1.2 (4.1.0 available)
  gotrue 2.16.0 (2.18.0 available)
  http 1.5.0 (1.6.0 available)
  image 4.5.4 (4.7.2 available)
  image_picker 1.2.0 (1.2.1 available)
  image_picker_android 0.8.13+5 (0.8.13+13 available)
  image_picker_for_web 3.1.0 (3.1.1 available)
  image_picker_ios 0.8.13+1 (0.8.13+6 available)
  js 0.6.7 (0.7.2 available)
  json_annotation 4.9.0 (4.10.0 available)
  lints 5.1.1 (6.1.0 available)
  matcher 0.12.17 (0.12.18 available)
  material_color_utilities 0.11.1 (0.13.0 available)
  meta 1.17.0 (1.18.1 available)
  path_provider_android 2.2.20 (2.2.22 available)
  path_provider_foundation 2.4.3 (2.6.0 available)
  postgrest 2.5.0 (2.6.0 available)
  purchases_flutter 9.9.6 (9.11.0 available)
  realtime_client 2.6.0 (2.7.0 available)
  share_plus 10.1.4 (12.0.1 available)
  share_plus_platform_interface 5.0.2 (6.1.0 available)
  shared_preferences 2.5.3 (2.5.4 available)
  shared_preferences_android 2.4.15 (2.4.20 available)
  shared_preferences_foundation 2.5.5 (2.5.6 available)
  shelf_web_socket 2.0.1 (3.0.0 available)
  source_gen 1.5.0 (4.2.0 available)
  source_helper 1.3.5 (1.3.10 available)
  source_span 1.10.1 (1.10.2 available)
  supabase 2.10.0 (2.10.2 available)
  supabase_flutter 2.10.3 (2.12.0 available)
  test_api 0.7.7 (0.7.9 available)
  timezone 0.10.1 (0.11.0 available)
  url_launcher_android 6.3.24 (6.3.28 available)
  url_launcher_ios 6.3.5 (6.4.0 available)
  url_launcher_linux 3.2.1 (3.2.2 available)
  url_launcher_macos 3.2.4 (3.2.5 available)
  url_launcher_web 2.4.1 (2.4.2 available)
  url_launcher_windows 3.1.4 (3.1.5 available)
  uuid 4.5.1 (4.5.2 available)
  watcher 1.1.4 (1.2.1 available)
Got dependencies!
74 packages have newer versions incompatible with dependency constraints.
Try `flutter pub outdated` for more information.
00:00 +0: loading /Users/chencai/Development/KeepJoy/test/widget_test.dart                                                                                                                             00:01 +0: loading /Users/chencai/Development/KeepJoy/test/widget_test.dart                                                                                                                             00:01 +0: OnboardingScreen renders 7 slides (1 Intro + 6 Features) correctly                                                                                                                           00:02 +0: OnboardingScreen renders 7 slides (1 Intro + 6 Features) correctly                                                                                                                           00:02 +0: OnboardingScreen renders 7 slides (1 Intro + 6 Features) correctly                                                                                                                           
══╡ EXCEPTION CAUGHT BY RENDERING LIBRARY ╞═════════════════════════════════════════════════════════
The following assertion was thrown during layout:
A RenderFlex overflowed by 66 pixels on the bottom.

The overflowing RenderFlex has an orientation of Axis.vertical.
The edge of the RenderFlex that is overflowing has been marked in the rendering with a yellow and
black striped pattern. This is usually caused by the contents being too big for the RenderFlex.
Consider applying a flex factor (e.g. using an Expanded widget) to force the children of the
RenderFlex to fit within the available space instead of being sized to their natural size.
This is considered an error condition because it indicates that there is content that cannot be
seen. If the content is legitimately bigger than the available space, consider clipping it with a
ClipRect widget before putting it in the flex, or using a scrollable container rather than a Flex,
like a ListView.
The specific RenderFlex in question is: RenderFlex#12085 DISPOSED OVERFLOWING:
  needs compositing
  creator: MultiChildRenderObjectElement#cf05e(DEFUNCT) ←
    SingleChildRenderObjectElement#e7cff(DEFUNCT) ← StatefulElement#d7b97(DEFUNCT) ←
    SingleChildRenderObjectElement#3ac03(DEFUNCT) ← SingleChildRenderObjectElement#c1107(DEFUNCT) ←
    StatefulElement#f0faa(DEFUNCT) ← _NotificationElement<KeepAliveNotification>#da923(DEFUNCT) ←
    ParentDataElement<KeepAliveParentDataMixin>#0e9d8(DEFUNCT) ← StatefulElement#02f9c(DEFUNCT) ←
    StatelessElement#1bd7f(DEFUNCT)
  parentData: offset=Offset(32.0, 32.0) (can use size)
  constraints: BoxConstraints(w=736.0, h=420.0)
  size: Size(736.0, 420.0)
  direction: vertical
  mainAxisAlignment: center
  mainAxisSize: max
  crossAxisAlignment: center
  verticalDirection: down
  spacing: 0.0
◢◤◢◤◢◤◢◤◢◤◢◤◢◤◢◤◢◤◢◤◢◤◢◤◢◤◢◤◢◤◢◤◢◤◢◤◢◤◢◤◢◤◢◤◢◤◢◤◢◤◢◤◢◤◢◤◢◤◢◤◢◤◢◤◢◤◢◤◢◤◢◤◢◤◢◤◢◤◢◤◢◤◢◤◢◤◢◤◢◤◢◤◢◤◢◤◢◤◢◤
════════════════════════════════════════════════════════════════════════════════════════════════════
00:02 +0 -1: OnboardingScreen renders 7 slides (1 Intro + 6 Features) correctly [E]                                                                                                                    
  Test failed. See exception logs above.
  The test description was: OnboardingScreen renders 7 slides (1 Intro + 6 Features) correctly
  
══╡ EXCEPTION CAUGHT BY WIDGET INSPECTOR ╞══════════════════════════════════════════════════════════
The following assertion was thrown:
Looking up a deactivated widget's ancestor is unsafe.
At this point the state of the widget's element tree is no longer stable.
To safely refer to a widget's ancestor in its dispose() method, save a reference to the ancestor by
calling dependOnInheritedWidgetOfExactType() in the widget's didChangeDependencies() method.

When the exception was thrown, this was the stack:
#0      Element._debugCheckStateIsActiveForAncestorLookup.<anonymous closure> (package:flutter/src/widgets/framework.dart:5052:9)
#1      Element._debugCheckStateIsActiveForAncestorLookup (package:flutter/src/widgets/framework.dart:5066:6)
#2      Element.visitAncestorElements (package:flutter/src/widgets/framework.dart:5177:12)
#3      _describeRelevantUserCode (package:flutter/src/widgets/widget_inspector.dart:4244:13)
#4      _parseDiagnosticsNode (package:flutter/src/widgets/widget_inspector.dart:4163:12)
#5      debugTransformDebugCreator (package:flutter/src/widgets/widget_inspector.dart:4142:21)
#6      _FlutterErrorDetailsNode.builder (package:flutter/src/foundation/assertions.dart:1310:31)
#7      DiagnosticableNode.getProperties (package:flutter/src/foundation/diagnostics.dart:2945:68)
#8      TextTreeRenderer._debugRender (package:flutter/src/foundation/diagnostics.dart:1270:63)
#9      TextTreeRenderer.render (package:flutter/src/foundation/diagnostics.dart:1137:14)
#10     FlutterError.dumpErrorToConsole (package:flutter/src/foundation/assertions.dart:1040:13)
#11     _defaultTestExceptionReporter (package:flutter_test/src/test_exception_reporter.dart:29:16)
#12     TestWidgetsFlutterBinding._createTestCompletionHandler.<anonymous closure> (package:flutter_test/src/binding.dart:821:28)
<asynchronous suspension>
(elided 8 frames from dart:async and package:stack_trace)

This exception was caught while trying to describe the user-relevant code of another error.
════════════════════════════════════════════════════════════════════════════════════════════════════
══╡ EXCEPTION CAUGHT BY WIDGET INSPECTOR ╞══════════════════════════════════════════════════════════
The following assertion was thrown:
Looking up a deactivated widget's ancestor is unsafe.
At this point the state of the widget's element tree is no longer stable.
To safely refer to a widget's ancestor in its dispose() method, save a reference to the ancestor by
calling dependOnInheritedWidgetOfExactType() in the widget's didChangeDependencies() method.

When the exception was thrown, this was the stack:
#0      Element._debugCheckStateIsActiveForAncestorLookup.<anonymous closure> (package:flutter/src/widgets/framework.dart:5052:9)
#1      Element._debugCheckStateIsActiveForAncestorLookup (package:flutter/src/widgets/framework.dart:5066:6)
#2      Element.visitAncestorElements (package:flutter/src/widgets/framework.dart:5177:12)
#3      _describeRelevantUserCode (package:flutter/src/widgets/widget_inspector.dart:4244:13)
#4      _parseDiagnosticsNode (package:flutter/src/widgets/widget_inspector.dart:4163:12)
#5      debugTransformDebugCreator (package:flutter/src/widgets/widget_inspector.dart:4142:21)
#6      _FlutterErrorDetailsNode.builder (package:flutter/src/foundation/assertions.dart:1310:31)
#7      DiagnosticableNode.emptyBodyDescription (package:flutter/src/foundation/diagnostics.dart:2941:45)
#8      TextTreeRenderer._debugRender (package:flutter/src/foundation/diagnostics.dart:1307:14)
#9      TextTreeRenderer.render (package:flutter/src/foundation/diagnostics.dart:1137:14)
#10     FlutterError.dumpErrorToConsole (package:flutter/src/foundation/assertions.dart:1040:13)
#11     _defaultTestExceptionReporter (package:flutter_test/src/test_exception_reporter.dart:29:16)
#12     TestWidgetsFlutterBinding._createTestCompletionHandler.<anonymous closure> (package:flutter_test/src/binding.dart:821:28)
<asynchronous suspension>
(elided 8 frames from dart:async and package:stack_trace)

This exception was caught while trying to describe the user-relevant code of another error.
════════════════════════════════════════════════════════════════════════════════════════════════════

To run this test again: /opt/homebrew/share/flutter/bin/cache/dart-sdk/bin/dart test /Users/chencai/Development/KeepJoy/test/widget_test.dart -p vm --plain-name 'OnboardingScreen renders 7 slides (1 Intro + 6 Features) correctly'
00:02 +0 -1: Some tests failed.                                                                                                                                                                        
